
> frontend@0.1.0 dev
> next dev

 ⚠ Port 3000 is in use, trying 3001 instead.
  ▲ Next.js 14.2.35
  - Local:        http://localhost:3001
  - Environments: .en ○ Compiling / ...
 ✓ Compiled / in 4.4s (5 ⚠ Found a change in next.config.mjs. Restarting the server to apply the changes...
favicon.ico ...
 ✓ Compiled /favicon.ico in 732ms (340 modules)
 GET /favicon.ico 200 in 810ms
 GET / 200 in 88ms
 GET / 200 in 46ms
 GET /favicon.ico 200 in 15ms
 ○ Compiling /clipmaster ...
 ✓ Compiled /clipmaster in 748ms (866 modules)
 ✓ Compiled /clipmaster/processing/[id] in 191ms (878 modules)
 GET /clipmaster/processing/2 200 in 115ms
 GET /favicon.ico 200 in 14ms
 ○ Compiling /clipmaster/history ...
 ✓ Compiled /clipmaster/history in 1099ms (1696 modules)
 GET / 200 in 118ms
 GET /clipmaster 200 in 88ms
 GET /favicon.ico 200 in 15ms
 GET /clipmaster/processing/1 200 in 76ms
 GET /favicon.ico 200 in 4ms
 ○ Compiling /_not-found ...
 ✓ Compiled /_not-found in 536ms (1699 modules)
 GET /clipmaster/dashboard/1 404 in 23ms
 GET /clipmaster/history 200 in 69ms
 GET /clipmaster/processing/2 200 in 80ms
 GET /favicon.ico 200 in 14ms
 GET /clipmaster 200 in 38ms
 GET /favicon.ico 200 in 5ms
 GET /clipmaster 200 in 31ms
 GET /favicon.ico 200 in 6ms
 GET /clipmaster 200 in 14ms
 GET /clipmaster/dashboard/4 404 in 65ms
 GET /clipmaster/dashboard/4 404 in 34ms
 GET /favicon.ico 200 in 7ms
 GET /clipmaster/dashboard/5 404 in 61ms
 GET /clipmaster/processing/5 200 in 34ms
 GET /clipmaster/dashboard/5 404 in 20ms
 GET /clipmaster/dashboard/5 404 in 20ms
 GET /favicon.ico 200 in 4ms
 GET /clipmaster/dashboard/6 404 in 24ms
 ○ Compiling /clipmaster/dashboard/[id] ...
 ✓ Compiled /clipmaster/dashboard/[id] in 1959ms (1972 modules)
 GET /clipmaster/dashboard/6 200 in 103ms
 ✓ Compiled /favicon.ico in 179ms (1085 modules)
 GET /favicon.ico 200 in 214ms
 GET /clipmaster/dashboard/6 200 in 116ms
 GET /favicon.ico 200 in 3ms
 ✓ Compiled in 748ms (1986 modules)
 ✓ Compiled in 584ms (1986 modules)
 GET / 200 in 105ms
 ✓ Compiled /favicon.ico in 296ms (1085 modules)
 GET /favicon.ico 200 in 365ms
 ○ Compiling /pdf-converter ...
 ✓ Compiled /pdf-converter in 631ms (2040 modules)
 GET /clipmaster/dashboard/6 200 in 111ms
 GET /favicon.ico 200 in 13ms
 ✓ Compiled in 843ms (2002 modules)
 ✓ Compiled in 379ms (2002 modules)
 ✓ Compiled in 246ms (2002 modules)
 ✓ Compiled in 574ms (2016 modules)
 ✓ Compiled in 371ms (2016 modules)
 ✓ Compiled in 378ms (2016 modules)
 ✓ Compiled in 379ms (2016 modules)
 ⨯ ./src/components/clipmaster/ClipCard.tsx
Error: 
  [31mx[0m Expression expected
    ,-[[36;1;4m/Users/starkbbk/Downloads/Projects/ToolboxHub/frontend/src/components/clipmaster/ClipCard.tsx[0m:6:1]
 [2m 6[0m | import { Play, Edit2, Check, Trash2, Clock, Info, Download } from "lucide-react";
 [2m 7[0m | import { API_URL } from "@/constants";
 [2m 8[0m | 
 [2m 9[0m |   onDelete: (id: number) => void;
    : [31;1m                                ^[0m
 [2m10[0m |   clip: Clip & { file_path?: string };
 [2m11[0m | }
    `----

  [31mx[0m An object member cannot be declared optional
    ,-[[36;1;4m/Users/starkbbk/Downloads/Projects/ToolboxHub/frontend/src/components/clipmaster/ClipCard.tsx[0m:7:1]
 [2m 7[0m | import { API_URL } from "@/constants";
 [2m 8[0m | 
 [2m 9[0m |   onDelete: (id: number) => void;
 [2m10[0m |   clip: Clip & { file_path?: string };
    : [31;1m                          ^[0m
 [2m11[0m | }
 [2m12[0m | 
 [2m13[0m | export default function ClipCard({ clip, isActive, onPlay, onEdit, onApprove, onDelete }: ClipCardProps) {
    `----

  [31mx[0m Unexpected token `:`. Expected ... , *,  (, [, :, , ?, =, an identifier, public, protected, private, readonly, <.
    ,-[[36;1;4m/Users/starkbbk/Downloads/Projects/ToolboxHub/frontend/src/components/clipmaster/ClipCard.tsx[0m:7:1]
 [2m 7[0m | import { API_URL } from "@/constants";
 [2m 8[0m | 
 [2m 9[0m |   onDelete: (id: number) => void;
 [2m10[0m |   clip: Clip & { file_path?: string };
    : [31;1m                           ^[0m
 [2m11[0m | }
 [2m12[0m | 
 [2m13[0m | export default function ClipCard({ clip, isActive, onPlay, onEdit, onApprove, onDelete }: ClipCardProps) {
    `----

Caused by:
    Syntax Error

Import trace for requested module:
./src/components/clipmaster/ClipCard.tsx
./src/components/clipmaster/ClipList.tsx
./src/app/clipmaster/dashboard/[id]/page.tsx
 ✓ Compiled in 483ms (2016 modules)
 GET /clipmaster 200 in 132ms
 ✓ Compiled /favicon.ico in 272ms (1098 modules)
 GET /favicon.ico 200 in 320ms
 ✓ Compiled /clipmaster/processing/[id] in 256ms (1104 modules)
 ✓ Compiled in 605ms (1615 modules)
 ✓ Compiled in 176ms (950 modules)
 ✓ Compiled in 829ms (1604 modules)
 ✓ Compiled in 509ms (1618 modules)
 ⚠ Fast Refresh had to perform a full reload due to a runtime error.
 GET / 200 in 84ms
 ✓ Compiled /favicon.ico in 70ms (699 modules)
 GET /favicon.ico 200 in 114ms
 ✓ Compiled in 316ms (1650 modules)
 ✓ Compiled /clipmaster/history in 493ms (1106 modules)
 ✓ Compiled in 528ms (2025 modules)
 GET / 200 in 112ms
 ✓ Compiled /favicon.ico in 319ms (952 modules)
 GET /favicon.ico 200 in 394ms
 ✓ Compiled in 457ms (1903 modules)
 ✓ Compiled in 401ms (1871 modules)
 ✓ Compiled in 560ms (1871 modules)
 ✓ Compiled in 838ms (1854 modules)
 ✓ Compiled in 406ms (1868 modules)
 GET / 200 in 146ms
 ✓ Compiled /favicon.ico in 408ms (950 modules)
 GET /favicon.ico 200 in 485ms
 ✓ Compiled /clipmaster/dashboard/[id] in 479ms (1104 modules)
 ✓ Compiled in 734ms (2003 modules)
 ✓ Compiled in 520ms (2003 modules)
 ✓ Compiled in 611ms (2003 modules)
 ✓ Compiled in 277ms (2003 modules)
 ✓ Compiled in 249ms (2003 modules)
 GET / 200 in 101ms
 ✓ Compiled /favicon.ico in 174ms (1085 modules)
 GET /favicon.ico 200 in 220ms
 GET / 200 in 122ms
 GET /favicon.ico 200 in 6ms
 ✓ Compiled in 501ms (2003 modules)
 GET / 200 in 65ms
 ✓ Compiled /favicon.ico in 97ms (1085 modules)
 GET /favicon.ico 200 in 133ms
 ✓ Compiled in 498ms (2035 modules)
 ✓ Compiled in 1112ms (2018 modules)
Warning: Only plain objects can be passed to Client Components from Server Components. Classes or other objects with methods are not supported.
  <... id=... name=... description=... icon={{$$typeof: ..., render: ...}} route=... status=... glowColor=...>
                                            ^^^^^^^^^^^^^^^^^^^^^^^^^^^^^^
 ⨯ Error: Functions cannot be passed directly to Client Components unless you explicitly expose it by marking it with "use server". Or maybe you meant to call this function rather than return it.
  {$$typeof: ..., render: function Video}
                          ^^^^^^^^^^^^^^
    at stringify (<anonymous>)
    at stringify (<anonymous>)
digest: "2876706712"
 ⚠ Fast Refresh had to perform a full reload due to a runtime error.
Warning: Only plain objects can be passed to Client Components from Server Components. Classes or other objects with methods are not supported.
  <... id=... name=... description=... icon={{$$typeof: ..., render: ...}} route=... status=... glowColor=...>
                                            ^^^^^^^^^^^^^^^^^^^^^^^^^^^^^^
 ⨯ Error: Functions cannot be passed directly to Client Components unless you explicitly expose it by marking it with "use server". Or maybe you meant to call this function rather than return it.
  {$$typeof: ..., render: function Video}
                          ^^^^^^^^^^^^^^
    at stringify (<anonymous>)
    at stringify (<anonymous>)
digest: "4269192244"
 ⨯ Error: Functions cannot be passed directly to Client Components unless you explicitly expose it by marking it with "use server". Or maybe you meant to call this function rather than return it.
  {$$typeof: ..., render: function Video}
                          ^^^^^^^^^^^^^^
    at stringify (<anonymous>)
    at stringify (<anonymous>)
digest: "4269192244"
 GET / 500 in 44ms
 GET /favicon.ico 200 in 14ms
 GET /favicon.ico 200 in 2ms
 ⚠ Fast Refresh had to perform a full reload due to a runtime error.
 ⚠ Fast Refresh had to perform a full reload due to a runtime error.
 ✓ Compiled in 1011ms (2018 modules)
 GET / 200 in 473ms
 GET / 200 in 56ms
 GET /favicon.ico 200 in 12ms
 ✓ Compiled in 575ms (2000 modules)
 ✓ Compiled in 372ms (2000 modules)
 GET / 200 in 98ms
 ✓ Compiled /favicon.ico in 156ms (1075 modules)
 GET /favicon.ico 200 in 202ms
 ✓ Compiled /pdf-converter in 383ms (1092 modules)
 ⨯ ./src/app/pdf-converter/page.tsx:17:1
Module not found: Can't resolve '@/components/pdf-converter/PDFMerge'
[0m [90m 15 |[39m[0m
[0m [90m 16 |[39m [90m// Component imports (to be created/updated)[39m[0m
[0m[31m[1m>[22m[39m[90m 17 |[39m [36mimport[39m [33mPDFMerge[39m [36mfrom[39m [32m"@/components/pdf-converter/PDFMerge"[39m[33m;[39m[0m
[0m [90m    |[39m [31m[1m^[22m[39m[0m
[0m [90m 18 |[39m [36mimport[39m [33mPDFToImage[39m [36mfrom[39m [32m"@/components/pdf-converter/PDFToImage"[39m[33m;[39m[0m
[0m [90m 19 |[39m [36mimport[39m [33mImageToPDF[39m [36mfrom[39m [32m"@/components/pdf-converter/ImageToPDF"[39m[33m;[39m[0m
[0m [90m 20 |[39m [36mimport[39m [33mPDFCompress[39m [36mfrom[39m [32m"@/components/pdf-converter/PDFCompress"[39m[33m;[39m[0m

https://nextjs.org/docs/messages/module-not-found
 ⨯ ./src/app/pdf-converter/page.tsx:17:1
Module not found: Can't resolve '@/components/pdf-converter/PDFMerge'
[0m [90m 15 |[39m[0m
[0m [90m 16 |[39m [90m// Component imports (to be created/updated)[39m[0m
[0m[31m[1m>[22m[39m[90m 17 |[39m [36mimport[39m [33mPDFMerge[39m [36mfrom[39m [32m"@/components/pdf-converter/PDFMerge"[39m[33m;[39m[0m
[0m [90m    |[39m [31m[1m^[22m[39m[0m
[0m [90m 18 |[39m [36mimport[39m [33mPDFToImage[39m [36mfrom[39m [32m"@/components/pdf-converter/PDFToImage"[39m[33m;[39m[0m
[0m [90m 19 |[39m [36mimport[39m [33mImageToPDF[39m [36mfrom[39m [32m"@/components/pdf-converter/ImageToPDF"[39m[33m;[39m[0m
[0m [90m 20 |[39m [36mimport[39m [33mPDFCompress[39m [36mfrom[39m [32m"@/components/pdf-converter/PDFCompress"[39m[33m;[39m[0m

https://nextjs.org/docs/messages/module-not-found
 ⨯ ./src/app/pdf-converter/page.tsx:18:1
Module not found: Can't resolve '@/components/pdf-converter/PDFToImage'
[0m [90m 16 |[39m [90m// Component imports (to be created/updated)[39m[0m
[0m [90m 17 |[39m [36mimport[39m [33mPDFMerge[39m [36mfrom[39m [32m"@/components/pdf-converter/PDFMerge"[39m[33m;[39m[0m
[0m[31m[1m>[22m[39m[90m 18 |[39m [36mimport[39m [33mPDFToImage[39m [36mfrom[39m [32m"@/components/pdf-converter/PDFToImage"[39m[33m;[39m[0m
[0m [90m    |[39m [31m[1m^[22m[39m[0m
[0m [90m 19 |[39m [36mimport[39m [33mImageToPDF[39m [36mfrom[39m [32m"@/components/pdf-converter/ImageToPDF"[39m[33m;[39m[0m
[0m [90m 20 |[39m [36mimport[39m [33mPDFCompress[39m [36mfrom[39m [32m"@/components/pdf-converter/PDFCompress"[39m[33m;[39m[0m
[0m [90m 21 |[39m [36mimport[39m [33mPDFSplit[39m [36mfrom[39m [32m"@/components/pdf-converter/PDFSplit"[39m[33m;[39m[0m

https://nextjs.org/docs/messages/module-not-found
 ⨯ ./src/app/pdf-converter/page.tsx:19:1
Module not found: Can't resolve '@/components/pdf-converter/ImageToPDF'
[0m [90m 17 |[39m [36mimport[39m [33mPDFMerge[39m [36mfrom[39m [32m"@/components/pdf-converter/PDFMerge"[39m[33m;[39m[0m
[0m [90m 18 |[39m [36mimport[39m [33mPDFToImage[39m [36mfrom[39m [32m"@/components/pdf-converter/PDFToImage"[39m[33m;[39m[0m
[0m[31m[1m>[22m[39m[90m 19 |[39m [36mimport[39m [33mImageToPDF[39m [36mfrom[39m [32m"@/components/pdf-converter/ImageToPDF"[39m[33m;[39m[0m
[0m [90m    |[39m [31m[1m^[22m[39m[0m
[0m [90m 20 |[39m [36mimport[39m [33mPDFCompress[39m [36mfrom[39m [32m"@/components/pdf-converter/PDFCompress"[39m[33m;[39m[0m
[0m [90m 21 |[39m [36mimport[39m [33mPDFSplit[39m [36mfrom[39m [32m"@/components/pdf-converter/PDFSplit"[39m[33m;[39m[0m
[0m [90m 22 |[39m[0m

https://nextjs.org/docs/messages/module-not-found
 ⨯ ./src/app/pdf-converter/page.tsx:20:1
Module not found: Can't resolve '@/components/pdf-converter/PDFCompress'
[0m [90m 18 |[39m [36mimport[39m [33mPDFToImage[39m [36mfrom[39m [32m"@/components/pdf-converter/PDFToImage"[39m[33m;[39m[0m
[0m [90m 19 |[39m [36mimport[39m [33mImageToPDF[39m [36mfrom[39m [32m"@/components/pdf-converter/ImageToPDF"[39m[33m;[39m[0m
[0m[31m[1m>[22m[39m[90m 20 |[39m [36mimport[39m [33mPDFCompress[39m [36mfrom[39m [32m"@/components/pdf-converter/PDFCompress"[39m[33m;[39m[0m
[0m [90m    |[39m [31m[1m^[22m[39m[0m
[0m [90m 21 |[39m [36mimport[39m [33mPDFSplit[39m [36mfrom[39m [32m"@/components/pdf-converter/PDFSplit"[39m[33m;[39m[0m
[0m [90m 22 |[39m[0m
[0m [90m 23 |[39m [36mconst[39m tabs [33m=[39m [[0m

https://nextjs.org/docs/messages/module-not-found
 ⨯ ./src/app/pdf-converter/page.tsx:21:1
Module not found: Can't resolve '@/components/pdf-converter/PDFSplit'
[0m [90m 19 |[39m [36mimport[39m [33mImageToPDF[39m [36mfrom[39m [32m"@/components/pdf-converter/ImageToPDF"[39m[33m;[39m[0m
[0m [90m 20 |[39m [36mimport[39m [33mPDFCompress[39m [36mfrom[39m [32m"@/components/pdf-converter/PDFCompress"[39m[33m;[39m[0m
[0m[31m[1m>[22m[39m[90m 21 |[39m [36mimport[39m [33mPDFSplit[39m [36mfrom[39m [32m"@/components/pdf-converter/PDFSplit"[39m[33m;[39m[0m
[0m [90m    |[39m [31m[1m^[22m[39m[0m
[0m [90m 22 |[39m[0m
[0m [90m 23 |[39m [36mconst[39m tabs [33m=[39m [[0m
[0m [90m 24 |[39m   { [0m

https://nextjs.org/docs/messages/module-not-found
 ✓ Compiled in 624ms (2980 modules)
 ⚠ Fast Refresh had to perform a full reload. Read more: https://nextjs.org/docs/messages/fast-refresh-reload
 ⨯ TypeError: Object.defineProperty called on non-object
    at Object.defineProperty (<anonymous>)
    at __webpack_require__.r (/Users/starkbbk/Downloads/Projects/ToolboxHub/frontend/.next/server/webpack-runtime.js:141:21)
    at __webpack_require__ (/Users/starkbbk/Downloads/Projects/ToolboxHub/frontend/.next/server/webpack-runtime.js:33:43)
    at eval (./src/components/pdf-converter/PDFToImage.tsx:9:68)
    at (ssr)/./src/components/pdf-converter/PDFToImage.tsx (/Users/starkbbk/Downloads/Projects/ToolboxHub/frontend/.next/server/app/pdf-converter/page.js:272:1)
    at __webpack_require__ (/Users/starkbbk/Downloads/Projects/ToolboxHub/frontend/.next/server/webpack-runtime.js:33:43)
    at eval (./src/app/pdf-converter/page.tsx:19:94)
    at (ssr)/./src/app/pdf-converter/page.tsx (/Users/starkbbk/Downloads/Projects/ToolboxHub/frontend/.next/server/app/pdf-converter/page.js:195:1)
    at Object.__webpack_require__ [as require] (/Users/starkbbk/Downloads/Projects/ToolboxHub/frontend/.next/server/webpack-runtime.js:33:43)
digest: "2822430625"
 GET /pdf-converter 500 in 129ms
 ○ Compiling /favicon.ico ...
 ✓ Compiled /favicon.ico in 830ms (1637 modules)
 GET /favicon.ico 200 in 873ms
 ✓ Compiled in 234ms (1375 modules)
 ⨯ TypeError: Object.defineProperty called on non-object
    at Object.defineProperty (<anonymous>)
    at __webpack_require__.r (/Users/starkbbk/Downloads/Projects/ToolboxHub/frontend/.next/server/webpack-runtime.js:146:21)
    at __webpack_require__ (/Users/starkbbk/Downloads/Projects/ToolboxHub/frontend/.next/server/webpack-runtime.js:33:43)
    at eval (./src/components/pdf-converter/PDFToImage.tsx:9:68)
    at (ssr)/./src/components/pdf-converter/PDFToImage.tsx (/Users/starkbbk/Downloads/Projects/ToolboxHub/frontend/.next/server/app/pdf-converter/page.js:272:1)
    at __webpack_require__ (/Users/starkbbk/Downloads/Projects/ToolboxHub/frontend/.next/server/webpack-runtime.js:33:43)
    at eval (./src/app/pdf-converter/page.tsx:19:94)
    at (ssr)/./src/app/pdf-converter/page.tsx (/Users/starkbbk/Downloads/Projects/ToolboxHub/frontend/.next/server/app/pdf-converter/page.js:195:1)
    at Object.__webpack_require__ [as require] (/Users/starkbbk/Downloads/Projects/ToolboxHub/frontend/.next/server/webpack-runtime.js:33:43)
digest: "2160097062"
 GET /pdf-converter 500 in 138ms
 GET /favicon.ico 200 in 216ms
 ⨯ TypeError: Object.defineProperty called on non-object
    at Object.defineProperty (<anonymous>)
    at __webpack_require__.r (/Users/starkbbk/Downloads/Projects/ToolboxHub/frontend/.next/server/webpack-runtime.js:146:21)
    at __webpack_require__ (/Users/starkbbk/Downloads/Projects/ToolboxHub/frontend/.next/server/webpack-runtime.js:33:43)
    at eval (./src/components/pdf-converter/PDFToImage.tsx:9:68)
    at (ssr)/./src/components/pdf-converter/PDFToImage.tsx (/Users/starkbbk/Downloads/Projects/ToolboxHub/frontend/.next/server/app/pdf-converter/page.js:272:1)
    at __webpack_require__ (/Users/starkbbk/Downloads/Projects/ToolboxHub/frontend/.next/server/webpack-runtime.js:33:43)
    at eval (./src/app/pdf-converter/page.tsx:19:94)
    at (ssr)/./src/app/pdf-converter/page.tsx (/Users/starkbbk/Downloads/Projects/ToolboxHub/frontend/.next/server/app/pdf-converter/page.js:195:1)
    at Object.__webpack_require__ [as require] (/Users/starkbbk/Downloads/Projects/ToolboxHub/frontend/.next/server/webpack-runtime.js:33:43)
digest: "2160097062"
 GET /pdf-converter 500 in 49ms
 GET /favicon.ico 200 in 189ms
 ⨯ TypeError: Object.defineProperty called on non-object
    at Object.defineProperty (<anonymous>)
    at __webpack_require__.r (/Users/starkbbk/Downloads/Projects/ToolboxHub/frontend/.next/server/webpack-runtime.js:146:21)
    at __webpack_require__ (/Users/starkbbk/Downloads/Projects/ToolboxHub/frontend/.next/server/webpack-runtime.js:33:43)
    at eval (./src/components/pdf-converter/PDFToImage.tsx:9:68)
    at (ssr)/./src/components/pdf-converter/PDFToImage.tsx (/Users/starkbbk/Downloads/Projects/ToolboxHub/frontend/.next/server/app/pdf-converter/page.js:272:1)
    at __webpack_require__ (/Users/starkbbk/Downloads/Projects/ToolboxHub/frontend/.next/server/webpack-runtime.js:33:43)
    at eval (./src/app/pdf-converter/page.tsx:19:94)
    at (ssr)/./src/app/pdf-converter/page.tsx (/Users/starkbbk/Downloads/Projects/ToolboxHub/frontend/.next/server/app/pdf-converter/page.js:195:1)
    at Object.__webpack_require__ [as require] (/Users/starkbbk/Downloads/Projects/ToolboxHub/frontend/.next/server/webpack-runtime.js:33:43)
digest: "2160097062"
 GET /pdf-converter 500 in 45ms
 GET /favicon.ico 200 in 259ms
 ✓ Compiled / in 497ms (1647 modules)
 GET / 200 in 580ms
 ⨯ TypeError: Object.defineProperty called on non-object
    at Object.defineProperty (<anonymous>)
    at __webpack_require__.r (/Users/starkbbk/Downloads/Projects/ToolboxHub/frontend/.next/server/webpack-runtime.js:146:21)
    at __webpack_require__ (/Users/starkbbk/Downloads/Projects/ToolboxHub/frontend/.next/server/webpack-runtime.js:33:43)
    at eval (./src/components/pdf-converter/PDFToImage.tsx:9:68)
    at (ssr)/./src/components/pdf-converter/PDFToImage.tsx (/Users/starkbbk/Downloads/Projects/ToolboxHub/frontend/.next/server/app/pdf-converter/page.js:272:1)
    at __webpack_require__ (/Users/starkbbk/Downloads/Projects/ToolboxHub/frontend/.next/server/webpack-runtime.js:33:43)
    at eval (./src/app/pdf-converter/page.tsx:19:94)
    at (ssr)/./src/app/pdf-converter/page.tsx (/Users/starkbbk/Downloads/Projects/ToolboxHub/frontend/.next/server/app/pdf-converter/page.js:195:1)
    at Object.__webpack_require__ [as require] (/Users/starkbbk/Downloads/Projects/ToolboxHub/frontend/.next/server/webpack-runtime.js:33:43)
digest: "2160097062"
 GET /pdf-converter 500 in 481ms
 GET / 200 in 35ms
 ✓ Compiled in 1257ms (2990 modules)
 ✓ Compiled in 462ms (2990 modules)
 ✓ Compiled in 518ms (2990 modules)
 ✓ Compiled in 555ms (2990 modules)
 ⨯ TypeError: Object.defineProperty called on non-object
    at Object.defineProperty (<anonymous>)
    at __webpack_require__.r (/Users/starkbbk/Downloads/Projects/ToolboxHub/frontend/.next/server/webpack-runtime.js:141:21)
    at __webpack_require__ (/Users/starkbbk/Downloads/Projects/ToolboxHub/frontend/.next/server/webpack-runtime.js:33:43)
    at eval (./src/components/pdf-converter/PDFToImage.tsx:9:89)
    at (ssr)/./src/components/pdf-converter/PDFToImage.tsx (/Users/starkbbk/Downloads/Projects/ToolboxHub/frontend/.next/server/app/pdf-converter/page.js:272:1)
    at __webpack_require__ (/Users/starkbbk/Downloads/Projects/ToolboxHub/frontend/.next/server/webpack-runtime.js:33:43)
    at eval (./src/app/pdf-converter/page.tsx:19:94)
    at (ssr)/./src/app/pdf-converter/page.tsx (/Users/starkbbk/Downloads/Projects/ToolboxHub/frontend/.next/server/app/pdf-converter/page.js:195:1)
    at Object.__webpack_require__ [as require] (/Users/starkbbk/Downloads/Projects/ToolboxHub/frontend/.next/server/webpack-runtime.js:33:43)
digest: "3971031246"
 GET /pdf-converter 500 in 634ms
 GET / 200 in 45ms
 ✓ Compiled in 344ms (1375 modules)
 GET / 200 in 35ms
 ○ Compiling /favicon.ico ...
 ✓ Compiled /favicon.ico in 572ms (1647 modules)
 GET /favicon.ico 200 in 787ms
 GET / 200 in 691ms
 ✓ Compiled in 305ms (1375 modules)
 ✓ Compiled in 299ms (1375 modules)
 ✓ Compiled in 686ms (2970 modules)
 GET /clipmaster 200 in 161ms
 ✓ Compiled /favicon.ico in 183ms (1641 modules)
 GET /favicon.ico 200 in 226ms
 ⨯ TypeError: Object.defineProperty called on non-object
    at Object.defineProperty (<anonymous>)
    at __webpack_require__.r (/Users/starkbbk/Downloads/Projects/ToolboxHub/frontend/.next/server/webpack-runtime.js:146:21)
    at __webpack_require__ (/Users/starkbbk/Downloads/Projects/ToolboxHub/frontend/.next/server/webpack-runtime.js:33:43)
    at eval (./src/components/pdf-converter/PDFToImage.tsx:9:89)
    at (ssr)/./src/components/pdf-converter/PDFToImage.tsx (/Users/starkbbk/Downloads/Projects/ToolboxHub/frontend/.next/server/app/pdf-converter/page.js:272:1)
    at __webpack_require__ (/Users/starkbbk/Downloads/Projects/ToolboxHub/frontend/.next/server/webpack-runtime.js:33:43)
    at eval (./src/app/pdf-converter/page.tsx:19:94)
    at (ssr)/./src/app/pdf-converter/page.tsx (/Users/starkbbk/Downloads/Projects/ToolboxHub/frontend/.next/server/app/pdf-converter/page.js:195:1)
    at Object.__webpack_require__ [as require] (/Users/starkbbk/Downloads/Projects/ToolboxHub/frontend/.next/server/webpack-runtime.js:33:43)
digest: "2119701577"
 GET /pdf-converter 500 in 1060ms
 GET / 200 in 49ms
 ○ Compiling /image-compressor ...
 ✓ Compiled /image-compressor in 1077ms (3016 modules)
 ○ Compiling /audio-transcriber ...
 ✓ Compiled /audio-transcriber in 787ms (3028 modules)
 ○ Compiling /text-summarizer ...
 ✓ Compiled /text-summarizer in 664ms (3042 modules)
 ⨯ TypeError: Object.defineProperty called on non-object
    at Object.defineProperty (<anonymous>)
    at __webpack_require__.r (/Users/starkbbk/Downloads/Projects/ToolboxHub/frontend/.next/server/webpack-runtime.js:146:21)
    at __webpack_require__ (/Users/starkbbk/Downloads/Projects/ToolboxHub/frontend/.next/server/webpack-runtime.js:33:43)
    at eval (./src/components/pdf-converter/PDFToImage.tsx:9:89)
    at (ssr)/./src/components/pdf-converter/PDFToImage.tsx (/Users/starkbbk/Downloads/Projects/ToolboxHub/frontend/.next/server/app/pdf-converter/page.js:272:1)
    at __webpack_require__ (/Users/starkbbk/Downloads/Projects/ToolboxHub/frontend/.next/server/webpack-runtime.js:33:43)
    at eval (./src/app/pdf-converter/page.tsx:19:94)
    at (ssr)/./src/app/pdf-converter/page.tsx (/Users/starkbbk/Downloads/Projects/ToolboxHub/frontend/.next/server/app/pdf-converter/page.js:195:1)
    at Object.__webpack_require__ [as require] (/Users/starkbbk/Downloads/Projects/ToolboxHub/frontend/.next/server/webpack-runtime.js:33:43)
digest: "2119701577"
 GET /pdf-converter 500 in 748ms
 ✓ Compiled in 1364ms (2853 modules)
 ⨯ TypeError: Object.defineProperty called on non-object
    at Object.defineProperty (<anonymous>)
    at __webpack_require__.r (/Users/starkbbk/Downloads/Projects/ToolboxHub/frontend/.next/server/webpack-runtime.js:141:21)
    at __webpack_require__ (/Users/starkbbk/Downloads/Projects/ToolboxHub/frontend/.next/server/webpack-runtime.js:33:43)
    at eval (./src/components/pdf-converter/PDFToImage.tsx:9:89)
    at (ssr)/./src/components/pdf-converter/PDFToImage.tsx (/Users/starkbbk/Downloads/Projects/ToolboxHub/frontend/.next/server/app/pdf-converter/page.js:272:1)
    at __webpack_require__ (/Users/starkbbk/Downloads/Projects/ToolboxHub/frontend/.next/server/webpack-runtime.js:33:43)
    at eval (./src/app/pdf-converter/page.tsx:19:94)
    at (ssr)/./src/app/pdf-converter/page.tsx (/Users/starkbbk/Downloads/Projects/ToolboxHub/frontend/.next/server/app/pdf-converter/page.js:195:1)
    at Object.__webpack_require__ [as require] (/Users/starkbbk/Downloads/Projects/ToolboxHub/frontend/.next/server/webpack-runtime.js:33:43)
digest: "3971031246"
 GET /pdf-converter 500 in 178ms
 ○ Compiling /favicon.ico ...
 ✓ Compiled /favicon.ico in 731ms (1493 modules)
 GET /favicon.ico 200 in 781ms
 GET / 200 in 96ms
 ✓ Compiled /clipmaster/processing/[id] in 428ms (1499 modules)
 ✓ Compiled /clipmaster/dashboard/[id] in 303ms (1655 modules)
 ✓ Compiled in 724ms (2494 modules)
 ✓ Compiled in 346ms (1392 modules)
 ✓ Compiled in 720ms (2508 modules)
 ✓ Compiled in 468ms (2508 modules)
 ✓ Compiled in 665ms (2508 modules)
 GET / 200 in 101ms
 ✓ Compiled /favicon.ico in 370ms (1148 modules)
 GET /favicon.ico 200 in 440ms
 ✓ Compiled /clipmaster in 366ms (1160 modules)
 ✓ Compiled in 217ms (2538 modules)
 ✓ Compiled in 359ms (2543 modules)
 ✓ Compiled in 246ms (2543 modules)
 ✓ Compiled in 262ms (2543 modules)
 ✓ Compiled in 690ms (2511 modules)
 ⨯ ./src/components/clipmaster/VideoPlayer.tsx
Error: 
  [31mx[0m Expression expected
    ,-[[36;1;4m/Users/starkbbk/Downloads/Projects/ToolboxHub/frontend/src/components/clipmaster/VideoPlayer.tsx[0m:46:1]
 [2m46[0m |   }, [url]);
 [2m47[0m | 
 [2m48[0m |   return (
 [2m49[0m |   const [error, setError] = useState<string | null>(null);
    : [31;1m  ^^^^^[0m
 [2m50[0m | 
 [2m51[0m |   return (
 [2m52[0m |     <div className="relative aspect-video w-full overflow-hidden rounded-2xl bg-[#0a0a0a] border border-[#2a2a2a] group">
    `----

Caused by:
    Syntax Error

Import trace for requested module:
./src/components/clipmaster/VideoPlayer.tsx
./src/app/clipmaster/dashboard/[id]/page.tsx
 ✓ Compiled in 776ms (2513 modules)
 GET /clipmaster/dashboard/8 200 in 172ms
 ✓ Compiled /favicon.ico in 238ms (1152 modules)
 GET /favicon.ico 200 in 283ms
 ✓ Compiled in 669ms (2499 modules)
 ✓ Compiled in 362ms (2513 modules)
 ✓ Compiled in 399ms (2513 modules)
 ✓ Compiled in 476ms (2499 modules)
 ✓ Compiled in 383ms (2499 modules)
 ✓ Compiled in 418ms (2513 modules)
 ✓ Compiled in 307ms (2513 modules)
 ✓ Compiled in 458ms (2513 modules)
 GET /clipmaster/dashboard/8 200 in 125ms
 ✓ Compiled /favicon.ico in 403ms (1152 modules)
 GET /favicon.ico 200 in 450ms
 ○ Compiling /pdf-converter ...
 ✓ Compiled /pdf-converter in 1039ms (1647 modules)
 GET /pdf-converter 500 in 487ms
 ⨯ TypeError: Object.defineProperty called on non-object
    at Object.defineProperty (<anonymous>)
    at __webpack_require__.r (/Users/starkbbk/Downloads/Projects/ToolboxHub/frontend/.next/server/webpack-runtime.js:146:21)
    at __webpack_require__ (/Users/starkbbk/Downloads/Projects/ToolboxHub/frontend/.next/server/webpack-runtime.js:33:43)
    at eval (./src/components/pdf-converter/PDFToImage.tsx:9:89)
    at (ssr)/./src/components/pdf-converter/PDFToImage.tsx (/Users/starkbbk/Downloads/Projects/ToolboxHub/frontend/.next/server/app/pdf-converter/page.js:272:1)
    at __webpack_require__ (/Users/starkbbk/Downloads/Projects/ToolboxHub/frontend/.next/server/webpack-runtime.js:33:43)
    at eval (./src/app/pdf-converter/page.tsx:19:94)
    at (ssr)/./src/app/pdf-converter/page.tsx (/Users/starkbbk/Downloads/Projects/ToolboxHub/frontend/.next/server/app/pdf-converter/page.js:195:1)
    at Object.__webpack_require__ [as require] (/Users/starkbbk/Downloads/Projects/ToolboxHub/frontend/.next/server/webpack-runtime.js:33:43)
digest: "2119701577"
 ⨯ TypeError: Object.defineProperty called on non-object
    at Object.defineProperty (<anonymous>)
    at __webpack_require__.r (/Users/starkbbk/Downloads/Projects/ToolboxHub/frontend/.next/server/webpack-runtime.js:146:21)
    at __webpack_require__ (/Users/starkbbk/Downloads/Projects/ToolboxHub/frontend/.next/server/webpack-runtime.js:33:43)
    at eval (./src/components/pdf-converter/PDFToImage.tsx:9:89)
    at (ssr)/./src/components/pdf-converter/PDFToImage.tsx (/Users/starkbbk/Downloads/Projects/ToolboxHub/frontend/.next/server/app/pdf-converter/page.js:272:1)
    at __webpack_require__ (/Users/starkbbk/Downloads/Projects/ToolboxHub/frontend/.next/server/webpack-runtime.js:33:43)
    at eval (./src/app/pdf-converter/page.tsx:19:94)
    at (ssr)/./src/app/pdf-converter/page.tsx (/Users/starkbbk/Downloads/Projects/ToolboxHub/frontend/.next/server/app/pdf-converter/page.js:195:1)
    at Object.__webpack_require__ [as require] (/Users/starkbbk/Downloads/Projects/ToolboxHub/frontend/.next/server/webpack-runtime.js:33:43)
digest: "2119701577"
 GET /pdf-converter 500 in 524ms
 ⨯ ./node_modules/pdfjs-dist/build/pdf.js:6247:1
Module not found: Can't resolve 'canvas'

https://nextjs.org/docs/messages/module-not-found

Import trace for requested module:
./src/components/pdf-converter/PDFToImage.tsx
./src/app/pdf-converter/page.tsx
 ○ Compiling /_error ...
 ⨯ ./node_modules/pdfjs-dist/build/pdf.js:6247:1
Module not found: Can't resolve 'canvas'

https://nextjs.org/docs/messages/module-not-found

Import trace for requested module:
./src/components/pdf-converter/PDFToImage.tsx
./src/app/pdf-converter/page.tsx
 GET /pdf-converter 500 in 1237ms
 ⨯ ./node_modules/pdfjs-dist/build/pdf.js:6247:1
Module not found: Can't resolve 'canvas'

https://nextjs.org/docs/messages/module-not-found

Import trace for requested module:
./src/components/pdf-converter/PDFToImage.tsx
./src/app/pdf-converter/page.tsx
 GET /_next/static/webpack/4c14f9509e1afc6c.webpack.hot-update.json 500 in 412ms
 ⚠ Fast Refresh had to perform a full reload. Read more: https://nextjs.org/docs/messages/fast-refresh-reload
 GET /favicon.ico 500 in 439ms
 GET /pdf-converter 500 in 8ms
 GET /favicon.ico 500 in 5ms
 ⨯ ./node_modules/pdfjs-dist/build/pdf.js:6247:1
Module not found: Can't resolve 'canvas'

https://nextjs.org/docs/messages/module-not-found

Import trace for requested module:
./src/components/pdf-converter/PDFToImage.tsx
./src/app/pdf-converter/page.tsx
 GET /_next/static/webpack/4c14f9509e1afc6c.webpack.hot-update.json 500 in 696ms
 ⚠ Fast Refresh had to perform a full reload. Read more: https://nextjs.org/docs/messages/fast-refresh-reload
 GET /pdf-converter 500 in 8ms
 GET /pdf-converter 500 in 4ms
 GET /favicon.ico 500 in 4ms
 ⨯ ./node_modules/pdfjs-dist/build/pdf.js:6247:1
Module not found: Can't resolve 'canvas'

https://nextjs.org/docs/messages/module-not-found

Import trace for requested module:
./src/components/pdf-converter/PDFToImage.tsx
./src/app/pdf-converter/page.tsx
 GET /_next/static/webpack/4c14f9509e1afc6c.webpack.hot-update.json 500 in 697ms
 ⚠ Fast Refresh had to perform a full reload. Read more: https://nextjs.org/docs/messages/fast-refresh-reload
 GET /pdf-converter 500 in 9ms
 GET /pdf-converter 500 in 9ms
 GET /favicon.ico 500 in 2ms
 GET /pdf-converter 500 in 19ms
 GET /favicon.ico 500 in 3ms
 GET /pdf-converter 500 in 14ms
 GET /favicon.ico 500 in 2ms
 GET /pdf-converter 500 in 14ms
 GET /favicon.ico 500 in 2ms
 GET /pdf-converter 500 in 13ms
 GET /favicon.ico 500 in 3ms
 GET /pdf-converter 500 in 9ms
 GET /favicon.ico 500 in 2ms
 GET /pdf-converter 500 in 3ms
 GET /favicon.ico 500 in 1ms
 GET /pdf-converter 500 in 3ms
 GET /favicon.ico 500 in 2ms
 GET /pdf-converter 500 in 29ms
 GET /favicon.ico 500 in 3ms
 GET /pdf-converter 500 in 5ms
 GET /favicon.ico 500 in 2ms
 GET /pdf-converter 500 in 5ms
 GET /favicon.ico 500 in 2ms
 GET /pdf-converter 500 in 6ms
 GET /favicon.ico 500 in 2ms
 GET /pdf-converter 500 in 6ms
 GET /favicon.ico 500 in 1ms
 GET /pdf-converter 500 in 26ms
 GET /favicon.ico 500 in 2ms
 ⚠ Found a change in next.config.mjs. Restarting the server to apply the changes...
